// Jest Snapshot v1, https://goo.gl/fbAQLP

exports[`Take a snapshot should take a snapshot 1`] = `
<DocumentFragment>
  <div>
    <p>
      Provider:
    </p>
  </div>
</DocumentFragment>
`;
